// Jest Snapshot v1, https://goo.gl/fbAQLP

exports[`should render TasklistItem component correctly 1`] = `
<Component
  style={
    Object {
      "backgroundColor": "#c62828",
      "justifyContent": "center",
      "marginLeft": -100,
    }
  }
>
  <AnimatedComponent
    onMoveShouldSetResponder={[Function]}
    onMoveShouldSetResponderCapture={[Function]}
    onResponderEnd={[Function]}
    onResponderGrant={[Function]}
    onResponderMove={[Function]}
    onResponderReject={[Function]}
    onResponderRelease={[Function]}
    onResponderStart={[Function]}
    onResponderTerminate={[Function]}
    onResponderTerminationRequest={[Function]}
    onStartShouldSetResponder={[Function]}
    onStartShouldSetResponderCapture={[Function]}
    style={
      Array [
        Object {
          "left": 0,
          "top": 0,
        },
      ]
    }
  >
    <Component
      style={
        Object {
          "alignItems": "center",
          "bottom": 0,
          "flexDirection": "row",
          "justifyContent": "flex-end",
          "left": 0,
          "position": "absolute",
          "top": 0,
          "width": 100,
        }
      }
    >
      <Text
        accessible={true}
        allowFontScaling={true}
        ellipsizeMode="tail"
        style={
          Object {
            "color": "#ffffff",
            "margin": 16,
          }
        }
      >
        DELETE
      </Text>
    </Component>
    <Component
      style={
        Array [
          Object {
            "flexDirection": "row",
            "justifyContent": "space-between",
            "marginLeft": 100,
            "padding": 10,
          },
          Object {
            "backgroundColor": "#ffffff",
          },
        ]
      }
    >
      <Text
        accessible={true}
        allowFontScaling={true}
        ellipsizeMode="tail"
        style={
          Object {
            "color": "#212121",
            "fontSize": 15,
          }
        }
      >
        Complete writing all test cases
      </Text>
      <TouchableWithoutFeedback
        hitSlop={
          Object {
            "bottom": 10,
            "left": 10,
            "right": 10,
            "top": 10,
          }
        }
      >
        <Icon
          color="black"
          name="checkbox-blank-circle-outline"
          onPress={[Function]}
          raised={false}
          reverse={false}
          reverseColor="white"
          size={24}
          type="material-community"
          underlayColor="white"
        />
      </TouchableWithoutFeedback>
    </Component>
  </AnimatedComponent>
</Component>
`;
